src/pages/AiAssessment.tsx(7,13): error TS2339: Property 'selectedEngineer' does not exist on type 'SelectedEngineerState'.
